// Jest Snapshot v1, https://goo.gl/fbAQLP

exports[`Launch Tile render snapshot 1`] = `
<a
  className="css-s37lsq"
  href="/launch/1"
  onClick={[Function]}
  style={
    Object {
      "backgroundImage": "url(iss.jpg)",
    }
  }
>
  <h3>
    the first one
  </h3>
  <h5>
    harambe
  </h5>
</a>
`;
